STATUS,FILE,LOC,CST,SYMBOLS,TOKENS,ERRORS
PASS,case_kw_instead_of_switch_kw.religo,6,31,21,17,3
FAIL,extra_arrow_in_case_expr.religo,-1,-1,-1,-1,-1
FAIL,extra_bracketR_before_arrow.religo,-1,-1,-1,-1,-1
FAIL,extra_colon_in_return_type.religo,-1,-1,-1,-1,-1
FAIL,extra_curly_bracket.religo,-1,-1,-1,-1,-1
PASS,extra_eq_in_func_decl.religo,0,0,0,0,0
FAIL,extra_parenthesisL_after_switch_pattern.religo,-1,-1,-1,-1,-1
FAIL,extra_parenthesisL_before_switch_pattern.religo,-1,-1,-1,-1,-1
PASS,extra_semicolon.religo,5,18,16,19,1
PASS,extra_vbar_in_type_declaration.religo,2,7,3,2,0
PASS,extra_vertical_bar.religo,1,4,4,4,0
PASS,fun_kw_instead_of_let_kw.religo,6,37,37,34,0
PASS,lambda_with_missing_arguments.religo,3,31,13,8,1
FAIL,missing_argument_bracketR.religo,-1,-1,-1,-1,-1
PASS,missing_arrow_in_lambda_expr.religo,5,22,14,2,0
PASS,missing_arrow_in_match_expr.religo,0,0,0,0,0
PASS,missing_comma_in_arguments.religo,3,65,29,22,3
PASS,missing_comma_in_record_decl.religo,6,3,3,4,0
FAIL,missing_curly_bracket_in_record_decl.religo,-1,-1,-1,-1,-1
PASS,missing_dot_in_list_pat.religo,2,2,2,1,0
PASS,missing_dot_in_record_update.religo,2,13,11,1,0
FAIL,missing_end_kw_in_the_nested_module.religo,-1,-1,-1,-1,-1
PASS,missing_eq_in_type_decl.religo,0,0,0,0,0
FAIL,missing_expr_parenthesesL.religo,-1,-1,-1,-1,-1
FAIL,missing_expr_parenthesesR.religo,-1,-1,-1,-1,-1
PASS,missing_ident_in_type_decl.religo,2,2,2,2,0
PASS,missing_int.religo,2,6,6,2,0
PASS,missing_module_kw_in_module_decl.religo,10,103,5,6,1
PASS,missing_name_of_argument.religo,4,80,12,7,2
FAIL,missing_open_curly_bracket_in_module_decl.religo,-1,-1,-1,-1,-1
PASS,missing_vbar_in_type_declaration.religo,2,13,5,5,0
PASS,missing_vertical_bar.religo,3,27,13,11,1
FAIL,two_extra_parenthesis_in_function_application.religo,-1,-1,-1,-1,-1
PASS,typo_in_switch_kw.religo,6,31,21,17,3
PASS,unfinished_code00.religo,1,381,7,5,0
PASS,unfinished_code01.religo,2,2,2,2,0
PASS,unfinished_code02.religo,2,9,7,9,0
FAIL,unfinished_code03.religo,-1,-1,-1,-1,-1
PASS,unfinished_code04.religo,5,23,21,21,0
PASS,unfinished_code05.religo,5,12,12,9,0
PASS,unfinished_code06.religo,2,9,9,5,0
PASS,unfinished_code07.religo,2,2,2,2,0
PASS,unfinished_code08.religo,2,7,5,6,0
PASS,unfinished_code09.religo,2,2,2,2,0
PASS,unfinished_code10.religo,6,21,21,16,0
PASS,unfinished_code11.religo,2,2,2,2,0
PASS,unfinished_code12.religo,4,16,10,6,0
PASS,unfinished_code13.religo,4,13,11,9,0
FAIL,unreadable_symbol.religo,-1,-1,-1,-1,-1
