STATUS,FILE,LOC,CST,SYMBOLS,TOKENS,ERRORS
PASS,case_kw_instead_of_match_kw.mligo,5,44,26,6,3
PASS,extra_arrow_in_case_expr.mligo,7,50,50,45,0
PASS,extra_colon_in_return_type.mligo,2,18,4,1,0
PASS,extra_eq_in_func_decl.mligo,0,0,0,0,0
PASS,extra_in_kw.mligo,0,0,0,0,0
PASS,extra_then_kw.mligo,0,0,0,0,0
PASS,extra_vertical_bar.mligo,1,4,4,4,0
PASS,fun_kw_instead_of_let_kw.mligo,9,71,49,13,8
PASS,lambda_with_missing_arguments.mligo,2,6,6,6,0
PASS,missing_argument_bracketR.mligo,2,15,13,5,1
PASS,missing_arrow_in_lambda_expr.mligo,2,18,8,4,1
PASS,missing_arrow_in_match_expr.mligo,0,0,0,0,0
PASS,missing_colon_in_list_pat.mligo,2,12,4,3,1
PASS,missing_comma_in_arguments.mligo,2,22,12,4,1
PASS,missing_curly_bracket_in_record_decl.mligo,0,0,0,0,0
PASS,missing_end_kw_in_the_nested_module.mligo,4,222,4,2,0
PASS,missing_eq_in_record_expr.mligo,0,0,0,0,0
PASS,missing_eq_in_type_decl.mligo,0,0,0,0,0
PASS,missing_expr_parenthesesL.mligo,2,45,13,2,0
PASS,missing_expr_parenthesesR.mligo,2,30,6,2,0
PASS,missing_ident_in_type_decl.mligo,2,2,2,2,0
PASS,missing_in_kw.mligo,0,0,0,0,0
PASS,missing_int.mligo,2,6,6,2,0
PASS,missing_module_kw_in_module_decl.mligo,3,89,5,5,1
PASS,missing_name_of_argument.mligo,2,2,2,2,0
PASS,missing_semicolon_in_record_decl.mligo,2,11,7,2,0
PASS,missing_struct_kw_in_module_decl.mligo,5,90,4,3,1
PASS,missing_then_kw.mligo,10,158,22,5,2
PASS,missing_vertical_bar.mligo,3,33,17,2,0
PASS,missing_with_kw_in_match_expr.mligo,0,0,0,0,0
PASS,typo_in_fun_kw.mligo,2,24,12,3,0
PASS,typo_in_match_kw.mligo,5,44,26,6,3
PASS,typo_in_with_kw_in_record_update.mligo,2,25,15,3,0
PASS,unfinished_code00.mligo,1,355,7,5,0
PASS,unfinished_code01.mligo,2,2,2,2,0
PASS,unfinished_code02.mligo,2,9,7,5,0
PASS,unfinished_code03.mligo,2,7,5,4,0
PASS,unfinished_code04.mligo,4,25,23,18,0
PASS,unfinished_code05.mligo,4,12,12,7,0
PASS,unfinished_code06.mligo,2,9,9,5,0
PASS,unfinished_code07.mligo,2,2,2,2,0
PASS,unfinished_code08.mligo,2,7,5,4,0
PASS,unfinished_code09.mligo,2,2,2,2,0
PASS,unfinished_code10.mligo,6,20,20,14,0
PASS,unfinished_code11.mligo,2,2,2,2,0
PASS,unfinished_code12.mligo,2,6,6,4,0
PASS,unfinished_code13.mligo,30,241,27,11,1
FAIL,unreadable_symbol.mligo,-1,-1,-1,-1,-1
