STATUS,FILE,LOC,CST,SYMBOLS,TOKENS,ERRORS
PASS,extra_arrow_in_lambda.jsligo,0,0,0,0,0
FAIL,extra_colon_in_return_type.jsligo,-1,-1,-1,-1,-1
PASS,extra_eq_in_func_decl.jsligo,0,0,0,0,0
PASS,extra_gt_zwsp.jsligo,2,15,5,2,0
PASS,lambda_with_missing_arguments.jsligo,3,20,10,6,0
PASS,missing_argument_bracketR.jsligo,0,0,0,0,0
PASS,missing_arrow_in_lambda_expr.jsligo,0,0,0,0,0
PASS,missing_arrow_in_lambda_in_match.jsligo,0,0,0,0,0
PASS,missing_colon_in_record_expr.jsligo,2,10,6,2,0
PASS,missing_comma_in_arguments.jsligo,5,85,13,8,1
PASS,missing_comma_in_list_pat.jsligo,4,100,24,16,3
PASS,missing_comma_in_record_decl.jsligo,3,3,3,4,0
PASS,missing_comma_in_tuple_pat.jsligo,2,5,5,2,0
PASS,missing_curly_bracketR_in_the_nested_namespace.jsligo,24,300,18,2,0
PASS,missing_curly_bracket_in_record_decl.jsligo,0,0,0,0,0
PASS,missing_dots_in_list_pat.jsligo,3,106,26,16,5
PASS,missing_dots_in_record_update.jsligo,2,2,2,1,0
PASS,missing_eq_in_type_decl.jsligo,0,0,0,0,0
PASS,missing_expr_parenthesesL.jsligo,2,45,1,2,0
PASS,missing_expr_parenthesesR.jsligo,2,30,6,2,0
PASS,missing_ident_in_type_decl.jsligo,2,2,2,2,0
PASS,missing_int.jsligo,2,6,6,2,0
PASS,missing_name_of_argument.jsligo,2,2,2,2,0
PASS,missing_namespace_kw_in_namespace_decl.jsligo,18,142,24,6,1
PASS,missing_open_curly_bracket_in_namespace_decl.jsligo,20,145,13,4,1
PASS,missing_par_in_call.jsligo,2,7,3,3,0
PASS,missing_par_in_if_condition.jsligo,0,0,0,0,1
PASS,missing_semicolon_before_return_on_same_line.jsligo,3,164,8,6,1
PASS,missing_semicolon_in_top_level.jsligo,0,0,0,0,0
PASS,missing_type_annotation_in_lambda_in_match.jsligo,3,25,17,6,0
PASS,switch_with_empty_body.jsligo,2,7,7,3,0
PASS,switch_with_missing_case_value.jsligo,2,6,6,2,0
PASS,switch_with_missing_colon.jsligo,0,0,0,0,0
PASS,switch_with_missing_semicolon.jsligo,0,0,0,0,0
PASS,switch_with_not_last_default.jsligo,5,20,8,4,1
PASS,triple_eq_in_if_condition.jsligo,2,17,3,2,0
PASS,unfinished_code00.jsligo,3,6,6,5,0
PASS,unfinished_code01.jsligo,2,2,2,2,0
PASS,unfinished_code02.jsligo,18,174,64,49,2
PASS,unfinished_code03.jsligo,4,13,11,12,2
PASS,unfinished_code04.jsligo,2,25,23,23,0
PASS,unfinished_code05.jsligo,2,8,8,5,0
PASS,unfinished_code06.jsligo,2,10,10,5,0
PASS,unfinished_code07.jsligo,2,2,2,2,0
PASS,unfinished_code08.jsligo,4,8,6,6,0
PASS,unfinished_code09.jsligo,4,7,7,7,1
PASS,unfinished_code10.jsligo,2,234,8,5,0
PASS,unfinished_code11.jsligo,2,2,2,2,0
PASS,unfinished_code12.jsligo,2,7,7,4,0
PASS,unfinished_code13.jsligo,3,59,13,10,0
FAIL,unreadable_symbol.jsligo,-1,-1,-1,-1,-1
PASS,using_then_in_if_expr.jsligo,4,54,8,4,1
PASS,var_kw_instead_of_let_kw.jsligo,7,138,10,3,0
