InterpretSnapshot:
  isStatus: running / faced statement
  isStackFrames:
    [ StackFrame:
      sfName: main
      sfLoc: test/contracts/functions-visiting.mligo@12:3-12:17
      sfStack:
        [ StackItem:
          siLigoDesc: elem s of int
          siValue: 0
        , StackItem:
          siLigoDesc: elem g of unit -> int
          siValue:
            { DROP; { { PUSH int 10 }; { PUSH int 10 }; ADD }; {  }; {  } }
        , StackItem:
          siLigoDesc: elem f of int -> int
          siValue:
            { {  };
              { { { PUSH int 100 }; { SWAP }; ADD };
                {  };
                { { { PUSH int 100 }; { SWAP }; ADD }; {  }; {  } } } } ] ]
InterpretSnapshot:
  isStatus: running / faced statement
  isStackFrames:
    [ StackFrame:
      sfName: main
      sfLoc: test/contracts/functions-visiting.mligo@13:3-13:23
      sfStack:
        [ StackItem:
          siLigoDesc: elem s2 of int
          siValue: 1
        , StackItem:
          siLigoDesc: elem g of unit -> int
          siValue:
            { DROP; { { PUSH int 10 }; { PUSH int 10 }; ADD }; {  }; {  } }
        , StackItem:
          siLigoDesc: elem f of int -> int
          siValue:
            { {  };
              { { { PUSH int 100 }; { SWAP }; ADD };
                {  };
                { { { PUSH int 100 }; { SWAP }; ADD }; {  }; {  } } } } ] ]
InterpretSnapshot:
  isStatus: running / faced statement
  isStackFrames:
    [ StackFrame:
      sfName: main
      sfLoc: test/contracts/functions-visiting.mligo@14:3-14:30
      sfStack:
        [ StackItem:
          siLigoDesc: elem s3 of int
          siValue: 221 ] ]
InterpretSnapshot:
  isStatus: terminated ok
  isStackFrames:
    [ StackFrame:
      sfName: main
      sfLoc: test/contracts/functions-visiting.mligo@14:4-14:29
      sfStack:
        [ StackItem:
          siLigoDesc: elem ? of 
          siValue: Pair { } 221
        , StackItem:
          siLigoDesc: elem ? of 
          siValue: 0 ] ]