InterpretSnapshot:
  isStatus: running / faced statement
  isStackFrames:
    [StackFrame:
      sfName: main
      sfLoc: test/contracts/functions-visiting.mligo@11:3-11:17
      sfStack:
        [StackItem:
          siLigoDesc: elem s of int
          siValue: 0
        , StackItem:
          siLigoDesc: elem g of unit -> int
          siValue: { DROP; { { { PUSH int 10 }; { PUSH int 10 }; ADD }; {  }; {  } } }
        , StackItem:
          siLigoDesc: elem f of int -> int
          siValue: { {  }; { { { PUSH int 100 }; { SWAP }; ADD }; {  }; { { { PUSH int 100 }; { SWAP }; ADD }; {  }; {  } } } }
        ]
    ]

InterpretSnapshot:
  isStatus: running / upon expression
  isStackFrames:
    [StackFrame:
      sfName: main
      sfLoc: test/contracts/functions-visiting.mligo@11:12-11:17
      sfStack:
        [StackItem:
          siLigoDesc: elem s of int
          siValue: 0
        , StackItem:
          siLigoDesc: elem g of unit -> int
          siValue: { DROP; { { { PUSH int 10 }; { PUSH int 10 }; ADD }; {  }; {  } } }
        , StackItem:
          siLigoDesc: elem f of int -> int
          siValue: { {  }; { { { PUSH int 100 }; { SWAP }; ADD }; {  }; { { { PUSH int 100 }; { SWAP }; ADD }; {  }; {  } } } }
        ]
    ]

InterpretSnapshot:
  isStatus: running / expression evaluated (1)
  isStackFrames:
    [StackFrame:
      sfName: main
      sfLoc: test/contracts/functions-visiting.mligo@11:12-11:17
      sfStack:
        [StackItem:
          siLigoDesc: elem s of int
          siValue: 0
        , StackItem:
          siLigoDesc: elem g of unit -> int
          siValue: { DROP; { { { PUSH int 10 }; { PUSH int 10 }; ADD }; {  }; {  } } }
        , StackItem:
          siLigoDesc: elem f of int -> int
          siValue: { {  }; { { { PUSH int 100 }; { SWAP }; ADD }; {  }; { { { PUSH int 100 }; { SWAP }; ADD }; {  }; {  } } } }
        ]
    ]

InterpretSnapshot:
  isStatus: running / faced statement
  isStackFrames:
    [StackFrame:
      sfName: main
      sfLoc: test/contracts/functions-visiting.mligo@12:3-12:23
      sfStack:
        [StackItem:
          siLigoDesc: elem s2 of int
          siValue: 1
        , StackItem:
          siLigoDesc: elem g of unit -> int
          siValue: { DROP; { { { PUSH int 10 }; { PUSH int 10 }; ADD }; {  }; {  } } }
        , StackItem:
          siLigoDesc: elem f of int -> int
          siValue: { {  }; { { { PUSH int 100 }; { SWAP }; ADD }; {  }; { { { PUSH int 100 }; { SWAP }; ADD }; {  }; {  } } } }
        ]
    ]

InterpretSnapshot:
  isStatus: running / upon expression
  isStackFrames:
    [StackFrame:
      sfName: main
      sfLoc: test/contracts/functions-visiting.mligo@12:12-12:23
      sfStack:
        [StackItem:
          siLigoDesc: elem s2 of int
          siValue: 1
        , StackItem:
          siLigoDesc: elem g of unit -> int
          siValue: { DROP; { { { PUSH int 10 }; { PUSH int 10 }; ADD }; {  }; {  } } }
        , StackItem:
          siLigoDesc: elem f of int -> int
          siValue: { {  }; { { { PUSH int 100 }; { SWAP }; ADD }; {  }; { { { PUSH int 100 }; { SWAP }; ADD }; {  }; {  } } } }
        ]
    ]

InterpretSnapshot:
  isStatus: running / upon function call
  isStackFrames:
    [StackFrame:
      sfName: main
      sfLoc: test/contracts/functions-visiting.mligo@12:18-12:23
      sfStack:
        [StackItem:
          siLigoDesc: elem s2 of int
          siValue: 1
        , StackItem:
          siLigoDesc: elem g of unit -> int
          siValue: { DROP; { { { PUSH int 10 }; { PUSH int 10 }; ADD }; {  }; {  } } }
        , StackItem:
          siLigoDesc: elem f of int -> int
          siValue: { {  }; { { { PUSH int 100 }; { SWAP }; ADD }; {  }; { { { PUSH int 100 }; { SWAP }; ADD }; {  }; {  } } } }
        ]
    ]

InterpretSnapshot:
  isStatus: running / expression evaluated (201)
  isStackFrames:
    [StackFrame:
      sfName: main
      sfLoc: test/contracts/functions-visiting.mligo@12:18-12:23
      sfStack:
        [StackItem:
          siLigoDesc: elem s2 of int
          siValue: 1
        , StackItem:
          siLigoDesc: elem g of unit -> int
          siValue: { DROP; { { { PUSH int 10 }; { PUSH int 10 }; ADD }; {  }; {  } } }
        , StackItem:
          siLigoDesc: elem f of int -> int
          siValue: { {  }; { { { PUSH int 100 }; { SWAP }; ADD }; {  }; { { { PUSH int 100 }; { SWAP }; ADD }; {  }; {  } } } }
        ]
    ]

InterpretSnapshot:
  isStatus: running / upon function call
  isStackFrames:
    [StackFrame:
      sfName: main
      sfLoc: test/contracts/functions-visiting.mligo@12:12-12:15
      sfStack:
        [StackItem:
          siLigoDesc: elem s2 of int
          siValue: 1
        , StackItem:
          siLigoDesc: elem g of unit -> int
          siValue: { DROP; { { { PUSH int 10 }; { PUSH int 10 }; ADD }; {  }; {  } } }
        , StackItem:
          siLigoDesc: elem f of int -> int
          siValue: { {  }; { { { PUSH int 100 }; { SWAP }; ADD }; {  }; { { { PUSH int 100 }; { SWAP }; ADD }; {  }; {  } } } }
        ]
    ]

InterpretSnapshot:
  isStatus: running / expression evaluated (20)
  isStackFrames:
    [StackFrame:
      sfName: main
      sfLoc: test/contracts/functions-visiting.mligo@12:12-12:15
      sfStack:
        [StackItem:
          siLigoDesc: elem s2 of int
          siValue: 1
        , StackItem:
          siLigoDesc: elem g of unit -> int
          siValue: { DROP; { { { PUSH int 10 }; { PUSH int 10 }; ADD }; {  }; {  } } }
        , StackItem:
          siLigoDesc: elem f of int -> int
          siValue: { {  }; { { { PUSH int 100 }; { SWAP }; ADD }; {  }; { { { PUSH int 100 }; { SWAP }; ADD }; {  }; {  } } } }
        ]
    ]

InterpretSnapshot:
  isStatus: running / expression evaluated (221)
  isStackFrames:
    [StackFrame:
      sfName: main
      sfLoc: test/contracts/functions-visiting.mligo@12:12-12:23
      sfStack:
        [StackItem:
          siLigoDesc: elem s2 of int
          siValue: 1
        , StackItem:
          siLigoDesc: elem g of unit -> int
          siValue: { DROP; { { { PUSH int 10 }; { PUSH int 10 }; ADD }; {  }; {  } } }
        , StackItem:
          siLigoDesc: elem f of int -> int
          siValue: { {  }; { { { PUSH int 100 }; { SWAP }; ADD }; {  }; { { { PUSH int 100 }; { SWAP }; ADD }; {  }; {  } } } }
        ]
    ]

InterpretSnapshot:
  isStatus: running / faced statement
  isStackFrames:
    [StackFrame:
      sfName: main
      sfLoc: test/contracts/functions-visiting.mligo@13:3-13:30
      sfStack:
        [StackItem:
          siLigoDesc: elem s3 of int
          siValue: 221
        ]
    ]

InterpretSnapshot:
  isStatus: running / upon expression
  isStackFrames:
    [StackFrame:
      sfName: main
      sfLoc: test/contracts/functions-visiting.mligo@13:4-13:29
      sfStack:
        [StackItem:
          siLigoDesc: elem s3 of int
          siValue: 221
        ]
    ]

InterpretSnapshot:
  isStatus: running / upon expression
  isStackFrames:
    [StackFrame:
      sfName: main
      sfLoc: test/contracts/functions-visiting.mligo@13:4-13:25
      sfStack:
        [StackItem:
          siLigoDesc: elem s3 of int
          siValue: 221
        ]
    ]

InterpretSnapshot:
  isStatus: running / expression evaluated ({ })
  isStackFrames:
    [StackFrame:
      sfName: main
      sfLoc: test/contracts/functions-visiting.mligo@13:4-13:25
      sfStack:
        [StackItem:
          siLigoDesc: elem s3 of int
          siValue: 221
        ]
    ]

InterpretSnapshot:
  isStatus: running / expression evaluated (Pair { } 221)
  isStackFrames:
    [StackFrame:
      sfName: main
      sfLoc: test/contracts/functions-visiting.mligo@13:4-13:29
      sfStack:
        [StackItem:
          siLigoDesc: elem s3 of int
          siValue: 221
        ]
    ]

InterpretSnapshot:
  isStatus: terminated ok
  isStackFrames:
    [StackFrame:
      sfName: main
      sfLoc: test/contracts/functions-visiting.mligo@13:4-13:29
      sfStack:
        [StackItem:
          siLigoDesc: elem ? of operation list * int
          siValue: Pair { } 221
        , StackItem:
          siLigoDesc: elem ? of int
          siValue: 0
        ]
    ]
