InterpretSnapshot:
  isStatus: running / faced statement
  isStackFrames:
    [StackFrame:
      sfName: main
      sfLoc: test/contracts/functions-visiting.mligo:11:2-11:16
      sfStack:
        [StackItem:
          siLigoDesc: elem s of int
          siValue: 0
        , StackItem:
          siLigoDesc: elem g of unit -> int
          siValue: { DROP; { { { PUSH int 10 }; { PUSH int 10 }; ADD }; {  }; {  } } }
        , StackItem:
          siLigoDesc: elem f of int -> int
          siValue: { {  }; { { { PUSH int 100 }; { SWAP }; ADD }; {  }; { { { PUSH int 100 }; { SWAP }; ADD }; {  }; {  } } } }
        ]
    ]

InterpretSnapshot:
  isStatus: running / expression evaluated (1)
  isStackFrames:
    [StackFrame:
      sfName: main
      sfLoc: test/contracts/functions-visiting.mligo:11:11-11:16
      sfStack:
        [StackItem:
          siLigoDesc: elem s of int
          siValue: 0
        , StackItem:
          siLigoDesc: elem g of unit -> int
          siValue: { DROP; { { { PUSH int 10 }; { PUSH int 10 }; ADD }; {  }; {  } } }
        , StackItem:
          siLigoDesc: elem f of int -> int
          siValue: { {  }; { { { PUSH int 100 }; { SWAP }; ADD }; {  }; { { { PUSH int 100 }; { SWAP }; ADD }; {  }; {  } } } }
        ]
    ]

InterpretSnapshot:
  isStatus: running / faced statement
  isStackFrames:
    [StackFrame:
      sfName: main
      sfLoc: test/contracts/functions-visiting.mligo:12:2-12:22
      sfStack:
        [StackItem:
          siLigoDesc: elem s2 of int
          siValue: 1
        , StackItem:
          siLigoDesc: elem g of unit -> int
          siValue: { DROP; { { { PUSH int 10 }; { PUSH int 10 }; ADD }; {  }; {  } } }
        , StackItem:
          siLigoDesc: elem f of int -> int
          siValue: { {  }; { { { PUSH int 100 }; { SWAP }; ADD }; {  }; { { { PUSH int 100 }; { SWAP }; ADD }; {  }; {  } } } }
        ]
    ]

InterpretSnapshot:
  isStatus: running / expression evaluated (201)
  isStackFrames:
    [StackFrame:
      sfName: main
      sfLoc: test/contracts/functions-visiting.mligo:12:17-12:22
      sfStack:
        [StackItem:
          siLigoDesc: elem s2 of int
          siValue: 1
        , StackItem:
          siLigoDesc: elem g of unit -> int
          siValue: { DROP; { { { PUSH int 10 }; { PUSH int 10 }; ADD }; {  }; {  } } }
        , StackItem:
          siLigoDesc: elem f of int -> int
          siValue: { {  }; { { { PUSH int 100 }; { SWAP }; ADD }; {  }; { { { PUSH int 100 }; { SWAP }; ADD }; {  }; {  } } } }
        ]
    ]

InterpretSnapshot:
  isStatus: running / expression evaluated (20)
  isStackFrames:
    [StackFrame:
      sfName: main
      sfLoc: test/contracts/functions-visiting.mligo:12:11-12:14
      sfStack:
        [StackItem:
          siLigoDesc: elem s2 of int
          siValue: 1
        , StackItem:
          siLigoDesc: elem g of unit -> int
          siValue: { DROP; { { { PUSH int 10 }; { PUSH int 10 }; ADD }; {  }; {  } } }
        , StackItem:
          siLigoDesc: elem f of int -> int
          siValue: { {  }; { { { PUSH int 100 }; { SWAP }; ADD }; {  }; { { { PUSH int 100 }; { SWAP }; ADD }; {  }; {  } } } }
        ]
    ]

InterpretSnapshot:
  isStatus: running / expression evaluated (221)
  isStackFrames:
    [StackFrame:
      sfName: main
      sfLoc: test/contracts/functions-visiting.mligo:12:11-12:22
      sfStack:
        [StackItem:
          siLigoDesc: elem s2 of int
          siValue: 1
        , StackItem:
          siLigoDesc: elem g of unit -> int
          siValue: { DROP; { { { PUSH int 10 }; { PUSH int 10 }; ADD }; {  }; {  } } }
        , StackItem:
          siLigoDesc: elem f of int -> int
          siValue: { {  }; { { { PUSH int 100 }; { SWAP }; ADD }; {  }; { { { PUSH int 100 }; { SWAP }; ADD }; {  }; {  } } } }
        ]
    ]

InterpretSnapshot:
  isStatus: running / faced statement
  isStackFrames:
    [StackFrame:
      sfName: main
      sfLoc: test/contracts/functions-visiting.mligo:13:2-13:29
      sfStack:
        [StackItem:
          siLigoDesc: elem s3 of int
          siValue: 221
        ]
    ]

InterpretSnapshot:
  isStatus: running / expression evaluated ({ })
  isStackFrames:
    [StackFrame:
      sfName: main
      sfLoc: test/contracts/functions-visiting.mligo:13:3-13:24
      sfStack:
        [StackItem:
          siLigoDesc: elem s3 of int
          siValue: 221
        ]
    ]

InterpretSnapshot:
  isStatus: running / expression evaluated (Pair { } 221)
  isStackFrames:
    [StackFrame:
      sfName: main
      sfLoc: test/contracts/functions-visiting.mligo:13:3-13:28
      sfStack:
        [StackItem:
          siLigoDesc: elem s3 of int
          siValue: 221
        ]
    ]

InterpretSnapshot:
  isStatus: terminated ok
  isStackFrames:
    [StackFrame:
      sfName: main
      sfLoc: test/contracts/functions-visiting.mligo:13:3-13:28
      sfStack:
        [StackItem:
          siLigoDesc: <hidden elem>
          siValue: Pair { } 221
        , StackItem:
          siLigoDesc: <hidden elem>
          siValue: 0
        ]
    ]
