STATUS,FILE,LOC,CST,SYMBOLS,TOKENS,ERRORS
PASS,extra_arrow_in_case_expr.ligo,0,0,0,0,0
PASS,extra_colon_in_const_decl.ligo,0,0,0,0,0
FAIL,extra_colon_in_return_type.ligo,-1,-1,-1,-1,-1
PASS,extra_eq_in_func_decl.ligo,0,0,0,0,0
PASS,extra_then_kw.ligo,0,0,0,0,0
PASS,extra_vertical_bar.ligo,0,0,0,0,0
PASS,lambda_with_missing_arguments.ligo,2,7,7,4,0
PASS,let_kw_instead_of_function_kw.ligo,7,70,42,16,7
PASS,match_kw_instead_of_case_kw.ligo,4,31,23,12,4
PASS,missing_argument_bracketR.ligo,0,0,0,0,0
PASS,missing_arrow_in_match_expr.ligo,0,0,0,0,0
PASS,missing_colon_in_var_decl.ligo,0,0,0,0,0
PASS,missing_cons_op_in_list_pat.ligo,2,9,7,4,1
PASS,missing_end_kw_in_the_nested_module.ligo,0,0,0,0,0
PASS,missing_eq_in_record_expr.ligo,2,6,6,2,0
PASS,missing_expr_parenthesesL.ligo,2,39,9,2,0
PASS,missing_expr_parenthesesR.ligo,2,22,6,2,0
PASS,missing_ident_in_type_decl.ligo,2,2,2,2,0
PASS,missing_int.ligo,3,5,5,2,0
PASS,missing_is_kw_in_lambda_expr.ligo,0,0,0,0,0
PASS,missing_is_kw_in_type_decl.ligo,0,0,0,0,0
PASS,missing_module_kw_in_module_decl.ligo,12,100,6,5,1
PASS,missing_name_of_argument.ligo,2,2,2,2,0
PASS,missing_of_kw.ligo,2,10,6,3,0
PASS,missing_semicolon_between_stmts.ligo,0,0,0,0,0
PASS,missing_semicolon_in_arguments.ligo,7,44,20,8,2
PASS,missing_semicolon_in_record_decl.ligo,7,4,4,4,0
PASS,missing_then_kw.ligo,2,13,7,3,0
PASS,missing_vertical_bar.ligo,2,22,14,4,1
PASS,missing_with_kw_in_block_expr.ligo,0,0,0,0,0
PASS,typo_in_case_kw.ligo,4,32,24,9,4
PASS,typo_in_function_kw.ligo,4,58,16,7,1
PASS,typo_in_with_kw_in_record_update.ligo,2,24,14,2,0
PASS,unfinished_code00.ligo,2,6,6,5,0
PASS,unfinished_code01.ligo,2,2,2,2,0
PASS,unfinished_code02.ligo,2,11,9,7,0
PASS,unfinished_code03.ligo,3,8,6,4,0
PASS,unfinished_code04.ligo,4,30,28,21,0
PASS,unfinished_code05.ligo,4,8,8,5,0
PASS,unfinished_code06.ligo,2,8,8,5,0
PASS,unfinished_code07.ligo,2,2,2,2,0
PASS,unfinished_code08.ligo,3,2,2,2,0
PASS,unfinished_code09.ligo,2,2,2,2,0
PASS,unfinished_code10.ligo,5,29,29,16,0
PASS,unfinished_code11.ligo,2,5,5,2,0
PASS,unfinished_code12.ligo,2,7,7,4,0
PASS,unfinished_code13.ligo,38,346,24,15,2
FAIL,unreadable_symbol.ligo,-1,-1,-1,-1,-1
