STATUS,FILE,LOC,CST,SYMBOLS,TOKENS,ERRORS
PASS,16is_nat.religo,5,36,18,13,3
PASS,16local_type_decl.religo,12,72,22,11,3
PASS,1arithmetic.religo,2,23,23,15,0
PASS,1bytes_arithmetic.religo,2,11,11,7,2
PASS,1closure.religo,14,148,40,15,3
PASS,1loop.religo,31,154,34,17,5
PASS,1match_bis.religo,17,146,64,31,6
PASS,1multisig.religo,29,147,31,30,6
PASS,2big_map.religo,9,84,48,21,3
PASS,2crypto.religo,4,28,18,6,1
PASS,2increment.religo,9,74,64,62,2
PASS,2michelson_insertion.religo,6,37,17,8,1
PASS,2record.religo,8,102,102,72,5
PASS,2self_address.religo,2,18,18,10,1
PASS,2set_delegate.religo,7,70,36,20,2
PASS,4basic.religo,2,25,19,9,0
PASS,4local_type_decl.religo,15,93,37,13,5
PASS,4match_bis.religo,11,97,13,7,3
PASS,4pledge.religo,25,124,92,79,10
PASS,4tuples_no_annotation.religo,2,51,15,6,2
PASS,8self_address.religo,4,43,9,9,0
PASS,8tuples_no_annotation.religo,4,95,13,7,3
