InterpretSnapshot:
  isStatus: running / faced statement
  isStackFrames:
    [StackFrame:
      sfName: main
      sfLoc: test/contracts/functions-visiting.religo:1:0-5:1
      sfStack:
        [StackItem:
          siLigoDesc: <hidden elem>
          siValue: Pair Unit 0
        ]
    ]

InterpretSnapshot:
  isStatus: running / faced statement
  isStackFrames:
    [StackFrame:
      sfName: main
      sfLoc: test/contracts/functions-visiting.religo:6:0-8:5
      sfStack:
        [StackItem:
          siLigoDesc: elem f of int -> int
          siValue: { {  }; PUSH int 100; ADD; {  }; PUSH int 100; ADD; {  } }
        , StackItem:
          siLigoDesc: <hidden elem>
          siValue: Pair Unit 0
        ]
    ]

InterpretSnapshot:
  isStatus: running / faced statement
  isStackFrames:
    [StackFrame:
      sfName: main
      sfLoc: test/contracts/functions-visiting.religo:10:0-13:30
      sfStack:
        [StackItem:
          siLigoDesc: elem g of unit -> int
          siValue: { DROP; PUSH int 10; PUSH int 10; ADD; {  } }
        , StackItem:
          siLigoDesc: elem f of int -> int
          siValue: { {  }; PUSH int 100; ADD; {  }; PUSH int 100; ADD; {  } }
        , StackItem:
          siLigoDesc: <hidden elem>
          siValue: Pair Unit 0
        ]
    ]

InterpretSnapshot:
  isStatus: running / faced statement
  isStackFrames:
    [StackFrame:
      sfName: main
      sfLoc: test/contracts/functions-visiting.religo:11:2-11:16
      sfStack:
        [StackItem:
          siLigoDesc: elem s of int
          siValue: 0
        , StackItem:
          siLigoDesc: elem g of unit -> int
          siValue: { DROP; PUSH int 10; PUSH int 10; ADD; {  } }
        , StackItem:
          siLigoDesc: elem f of int -> int
          siValue: { {  }; PUSH int 100; ADD; {  }; PUSH int 100; ADD; {  } }
        ]
    ]

InterpretSnapshot:
  isStatus: running / faced statement
  isStackFrames:
    [StackFrame:
      sfName: f
      sfLoc: test/contracts/functions-visiting.religo:2:4-2:19
      sfStack:
        [StackItem:
          siLigoDesc: elem a of int
          siValue: 1
        ]
    , StackFrame:
      sfName: main
      sfLoc: test/contracts/functions-visiting.religo:11:11-11:16
      sfStack:
        [StackItem:
          siLigoDesc: elem s2 of int
          siValue: 1
        , StackItem:
          siLigoDesc: elem g of unit -> int
          siValue: { DROP; PUSH int 10; PUSH int 10; ADD; {  } }
        , StackItem:
          siLigoDesc: elem f of int -> int
          siValue: { {  }; PUSH int 100; ADD; {  }; PUSH int 100; ADD; {  } }
        ]
    ]

InterpretSnapshot:
  isStatus: running / faced statement
  isStackFrames:
    [StackFrame:
      sfName: f
      sfLoc: test/contracts/functions-visiting.religo:3:4-3:20
      sfStack:
        [StackItem:
          siLigoDesc: elem x of int
          siValue: 101
        ]
    , StackFrame:
      sfName: main
      sfLoc: test/contracts/functions-visiting.religo:11:11-11:16
      sfStack:
        [StackItem:
          siLigoDesc: elem s2 of int
          siValue: 1
        , StackItem:
          siLigoDesc: elem g of unit -> int
          siValue: { DROP; PUSH int 10; PUSH int 10; ADD; {  } }
        , StackItem:
          siLigoDesc: elem f of int -> int
          siValue: { {  }; PUSH int 100; ADD; {  }; PUSH int 100; ADD; {  } }
        ]
    ]

InterpretSnapshot:
  isStatus: running / faced statement
  isStackFrames:
    [StackFrame:
      sfName: main
      sfLoc: test/contracts/functions-visiting.religo:12:2-12:22
      sfStack:
        [StackItem:
          siLigoDesc: elem s2 of int
          siValue: 1
        , StackItem:
          siLigoDesc: elem g of unit -> int
          siValue: { DROP; PUSH int 10; PUSH int 10; ADD; {  } }
        , StackItem:
          siLigoDesc: elem f of int -> int
          siValue: { {  }; PUSH int 100; ADD; {  }; PUSH int 100; ADD; {  } }
        ]
    ]

InterpretSnapshot:
  isStatus: running / faced statement
  isStackFrames:
    [StackFrame:
      sfName: g
      sfLoc: test/contracts/functions-visiting.religo:7:4-7:19
      sfStack: []
    , StackFrame:
      sfName: main
      sfLoc: test/contracts/functions-visiting.religo:12:12-12:14
      sfStack:
        [StackItem:
          siLigoDesc: elem s2 of int
          siValue: 1
        , StackItem:
          siLigoDesc: elem g of unit -> int
          siValue: { DROP; PUSH int 10; PUSH int 10; ADD; {  } }
        , StackItem:
          siLigoDesc: elem f of int -> int
          siValue: { {  }; PUSH int 100; ADD; {  }; PUSH int 100; ADD; {  } }
        ]
    ]

InterpretSnapshot:
  isStatus: terminated ok
  isStackFrames:
    [StackFrame:
      sfName: main
      sfLoc: test/contracts/functions-visiting.religo:13:2-13:30
      sfStack:
        [StackItem:
          siLigoDesc: <hidden elem>
          siValue: Pair { } 221
        , StackItem:
          siLigoDesc: <hidden elem>
          siValue: 0
        ]
    ]
