InterpretSnapshot:
  isStatus: running / faced statement
  isStackFrames:
    [StackFrame:
      sfName: main
      sfLoc: test/contracts/functions-visiting.mligo:11:2-11:16
      sfStack:
        [StackItem:
          siLigoDesc: elem s of int
          siValue: 0
        , StackItem:
          siLigoDesc: elem g of unit -> int
          siValue: { DROP; PUSH int 10; PUSH int 10; ADD; {  } }
        , StackItem:
          siLigoDesc: elem f of int -> int
          siValue: { {  }; PUSH int 100; ADD; {  }; PUSH int 100; ADD; {  } }
        ]
    ]

InterpretSnapshot:
  isStatus: running / upon expression
  isStackFrames:
    [StackFrame:
      sfName: main
      sfLoc: test/contracts/functions-visiting.mligo:11:11-11:16
      sfStack:
        [StackItem:
          siLigoDesc: elem s of int
          siValue: 0
        , StackItem:
          siLigoDesc: elem g of unit -> int
          siValue: { DROP; PUSH int 10; PUSH int 10; ADD; {  } }
        , StackItem:
          siLigoDesc: elem f of int -> int
          siValue: { {  }; PUSH int 100; ADD; {  }; PUSH int 100; ADD; {  } }
        ]
    ]

InterpretSnapshot:
  isStatus: running / expression evaluated (1)
  isStackFrames:
    [StackFrame:
      sfName: main
      sfLoc: test/contracts/functions-visiting.mligo:11:11-11:16
      sfStack:
        [StackItem:
          siLigoDesc: elem s of int
          siValue: 0
        , StackItem:
          siLigoDesc: elem g of unit -> int
          siValue: { DROP; PUSH int 10; PUSH int 10; ADD; {  } }
        , StackItem:
          siLigoDesc: elem f of int -> int
          siValue: { {  }; PUSH int 100; ADD; {  }; PUSH int 100; ADD; {  } }
        ]
    ]

InterpretSnapshot:
  isStatus: running / faced statement
  isStackFrames:
    [StackFrame:
      sfName: f
      sfLoc: test/contracts/functions-visiting.mligo:2:4-2:19
      sfStack:
        [StackItem:
          siLigoDesc: elem a of int
          siValue: 1
        ]
    , StackFrame:
      sfName: main
      sfLoc: test/contracts/functions-visiting.mligo:11:11-11:16
      sfStack:
        [StackItem:
          siLigoDesc: elem s2 of int
          siValue: 1
        , StackItem:
          siLigoDesc: elem g of unit -> int
          siValue: { DROP; PUSH int 10; PUSH int 10; ADD; {  } }
        , StackItem:
          siLigoDesc: elem f of int -> int
          siValue: { {  }; PUSH int 100; ADD; {  }; PUSH int 100; ADD; {  } }
        ]
    ]

InterpretSnapshot:
  isStatus: running / upon expression
  isStackFrames:
    [StackFrame:
      sfName: f
      sfLoc: test/contracts/functions-visiting.mligo:2:12-2:19
      sfStack:
        [StackItem:
          siLigoDesc: elem a of int
          siValue: 1
        ]
    , StackFrame:
      sfName: main
      sfLoc: test/contracts/functions-visiting.mligo:11:11-11:16
      sfStack:
        [StackItem:
          siLigoDesc: elem s2 of int
          siValue: 1
        , StackItem:
          siLigoDesc: elem g of unit -> int
          siValue: { DROP; PUSH int 10; PUSH int 10; ADD; {  } }
        , StackItem:
          siLigoDesc: elem f of int -> int
          siValue: { {  }; PUSH int 100; ADD; {  }; PUSH int 100; ADD; {  } }
        ]
    ]

InterpretSnapshot:
  isStatus: running / expression evaluated (101)
  isStackFrames:
    [StackFrame:
      sfName: f
      sfLoc: test/contracts/functions-visiting.mligo:2:12-2:19
      sfStack:
        [StackItem:
          siLigoDesc: elem a of int
          siValue: 1
        ]
    , StackFrame:
      sfName: main
      sfLoc: test/contracts/functions-visiting.mligo:11:11-11:16
      sfStack:
        [StackItem:
          siLigoDesc: elem s2 of int
          siValue: 1
        , StackItem:
          siLigoDesc: elem g of unit -> int
          siValue: { DROP; PUSH int 10; PUSH int 10; ADD; {  } }
        , StackItem:
          siLigoDesc: elem f of int -> int
          siValue: { {  }; PUSH int 100; ADD; {  }; PUSH int 100; ADD; {  } }
        ]
    ]

InterpretSnapshot:
  isStatus: running / faced statement
  isStackFrames:
    [StackFrame:
      sfName: f
      sfLoc: test/contracts/functions-visiting.mligo:3:7-3:23
      sfStack:
        [StackItem:
          siLigoDesc: elem x of int
          siValue: 101
        ]
    , StackFrame:
      sfName: main
      sfLoc: test/contracts/functions-visiting.mligo:11:11-11:16
      sfStack:
        [StackItem:
          siLigoDesc: elem s2 of int
          siValue: 1
        , StackItem:
          siLigoDesc: elem g of unit -> int
          siValue: { DROP; PUSH int 10; PUSH int 10; ADD; {  } }
        , StackItem:
          siLigoDesc: elem f of int -> int
          siValue: { {  }; PUSH int 100; ADD; {  }; PUSH int 100; ADD; {  } }
        ]
    ]

InterpretSnapshot:
  isStatus: running / upon expression
  isStackFrames:
    [StackFrame:
      sfName: f
      sfLoc: test/contracts/functions-visiting.mligo:3:16-3:23
      sfStack:
        [StackItem:
          siLigoDesc: elem x of int
          siValue: 101
        ]
    , StackFrame:
      sfName: main
      sfLoc: test/contracts/functions-visiting.mligo:11:11-11:16
      sfStack:
        [StackItem:
          siLigoDesc: elem s2 of int
          siValue: 1
        , StackItem:
          siLigoDesc: elem g of unit -> int
          siValue: { DROP; PUSH int 10; PUSH int 10; ADD; {  } }
        , StackItem:
          siLigoDesc: elem f of int -> int
          siValue: { {  }; PUSH int 100; ADD; {  }; PUSH int 100; ADD; {  } }
        ]
    ]

InterpretSnapshot:
  isStatus: running / expression evaluated (201)
  isStackFrames:
    [StackFrame:
      sfName: f
      sfLoc: test/contracts/functions-visiting.mligo:3:16-3:23
      sfStack:
        [StackItem:
          siLigoDesc: elem x of int
          siValue: 101
        ]
    , StackFrame:
      sfName: main
      sfLoc: test/contracts/functions-visiting.mligo:11:11-11:16
      sfStack:
        [StackItem:
          siLigoDesc: elem s2 of int
          siValue: 1
        , StackItem:
          siLigoDesc: elem g of unit -> int
          siValue: { DROP; PUSH int 10; PUSH int 10; ADD; {  } }
        , StackItem:
          siLigoDesc: elem f of int -> int
          siValue: { {  }; PUSH int 100; ADD; {  }; PUSH int 100; ADD; {  } }
        ]
    ]

InterpretSnapshot:
  isStatus: running / faced statement
  isStackFrames:
    [StackFrame:
      sfName: main
      sfLoc: test/contracts/functions-visiting.mligo:12:2-12:22
      sfStack:
        [StackItem:
          siLigoDesc: elem s2 of int
          siValue: 1
        , StackItem:
          siLigoDesc: elem g of unit -> int
          siValue: { DROP; PUSH int 10; PUSH int 10; ADD; {  } }
        , StackItem:
          siLigoDesc: elem f of int -> int
          siValue: { {  }; PUSH int 100; ADD; {  }; PUSH int 100; ADD; {  } }
        ]
    ]

InterpretSnapshot:
  isStatus: running / upon expression
  isStackFrames:
    [StackFrame:
      sfName: main
      sfLoc: test/contracts/functions-visiting.mligo:12:12-12:14
      sfStack:
        [StackItem:
          siLigoDesc: elem s2 of int
          siValue: 1
        , StackItem:
          siLigoDesc: elem g of unit -> int
          siValue: { DROP; PUSH int 10; PUSH int 10; ADD; {  } }
        , StackItem:
          siLigoDesc: elem f of int -> int
          siValue: { {  }; PUSH int 100; ADD; {  }; PUSH int 100; ADD; {  } }
        ]
    ]

InterpretSnapshot:
  isStatus: running / expression evaluated (Unit)
  isStackFrames:
    [StackFrame:
      sfName: main
      sfLoc: test/contracts/functions-visiting.mligo:12:12-12:14
      sfStack:
        [StackItem:
          siLigoDesc: elem s2 of int
          siValue: 1
        , StackItem:
          siLigoDesc: elem g of unit -> int
          siValue: { DROP; PUSH int 10; PUSH int 10; ADD; {  } }
        , StackItem:
          siLigoDesc: elem f of int -> int
          siValue: { {  }; PUSH int 100; ADD; {  }; PUSH int 100; ADD; {  } }
        ]
    ]

InterpretSnapshot:
  isStatus: running / faced statement
  isStackFrames:
    [StackFrame:
      sfName: g
      sfLoc: test/contracts/functions-visiting.mligo:7:4-7:19
      sfStack: []
    , StackFrame:
      sfName: main
      sfLoc: test/contracts/functions-visiting.mligo:12:12-12:14
      sfStack:
        [StackItem:
          siLigoDesc: elem s2 of int
          siValue: 1
        , StackItem:
          siLigoDesc: elem g of unit -> int
          siValue: { DROP; PUSH int 10; PUSH int 10; ADD; {  } }
        , StackItem:
          siLigoDesc: elem f of int -> int
          siValue: { {  }; PUSH int 100; ADD; {  }; PUSH int 100; ADD; {  } }
        ]
    ]

InterpretSnapshot:
  isStatus: running / upon expression
  isStackFrames:
    [StackFrame:
      sfName: g
      sfLoc: test/contracts/functions-visiting.mligo:7:12-7:19
      sfStack: []
    , StackFrame:
      sfName: main
      sfLoc: test/contracts/functions-visiting.mligo:12:12-12:14
      sfStack:
        [StackItem:
          siLigoDesc: elem s2 of int
          siValue: 1
        , StackItem:
          siLigoDesc: elem g of unit -> int
          siValue: { DROP; PUSH int 10; PUSH int 10; ADD; {  } }
        , StackItem:
          siLigoDesc: elem f of int -> int
          siValue: { {  }; PUSH int 100; ADD; {  }; PUSH int 100; ADD; {  } }
        ]
    ]

InterpretSnapshot:
  isStatus: running / expression evaluated (20)
  isStackFrames:
    [StackFrame:
      sfName: g
      sfLoc: test/contracts/functions-visiting.mligo:7:12-7:19
      sfStack: []
    , StackFrame:
      sfName: main
      sfLoc: test/contracts/functions-visiting.mligo:12:12-12:14
      sfStack:
        [StackItem:
          siLigoDesc: elem s2 of int
          siValue: 1
        , StackItem:
          siLigoDesc: elem g of unit -> int
          siValue: { DROP; PUSH int 10; PUSH int 10; ADD; {  } }
        , StackItem:
          siLigoDesc: elem f of int -> int
          siValue: { {  }; PUSH int 100; ADD; {  }; PUSH int 100; ADD; {  } }
        ]
    ]

InterpretSnapshot:
  isStatus: running / upon expression
  isStackFrames:
    [StackFrame:
      sfName: main
      sfLoc: test/contracts/functions-visiting.mligo:12:11-12:22
      sfStack:
        [StackItem:
          siLigoDesc: elem s2 of int
          siValue: 1
        , StackItem:
          siLigoDesc: elem g of unit -> int
          siValue: { DROP; PUSH int 10; PUSH int 10; ADD; {  } }
        , StackItem:
          siLigoDesc: elem f of int -> int
          siValue: { {  }; PUSH int 100; ADD; {  }; PUSH int 100; ADD; {  } }
        ]
    ]

InterpretSnapshot:
  isStatus: running / expression evaluated (221)
  isStackFrames:
    [StackFrame:
      sfName: main
      sfLoc: test/contracts/functions-visiting.mligo:12:11-12:22
      sfStack:
        [StackItem:
          siLigoDesc: elem s2 of int
          siValue: 1
        , StackItem:
          siLigoDesc: elem g of unit -> int
          siValue: { DROP; PUSH int 10; PUSH int 10; ADD; {  } }
        , StackItem:
          siLigoDesc: elem f of int -> int
          siValue: { {  }; PUSH int 100; ADD; {  }; PUSH int 100; ADD; {  } }
        ]
    ]

InterpretSnapshot:
  isStatus: running / upon expression
  isStackFrames:
    [StackFrame:
      sfName: main
      sfLoc: test/contracts/functions-visiting.mligo:13:3-13:24
      sfStack:
        [StackItem:
          siLigoDesc: elem s3 of int
          siValue: 221
        ]
    ]

InterpretSnapshot:
  isStatus: running / expression evaluated ({ })
  isStackFrames:
    [StackFrame:
      sfName: main
      sfLoc: test/contracts/functions-visiting.mligo:13:3-13:24
      sfStack:
        [StackItem:
          siLigoDesc: elem s3 of int
          siValue: 221
        ]
    ]

InterpretSnapshot:
  isStatus: running / upon expression
  isStackFrames:
    [StackFrame:
      sfName: main
      sfLoc: test/contracts/functions-visiting.mligo:13:3-13:28
      sfStack:
        [StackItem:
          siLigoDesc: elem s3 of int
          siValue: 221
        ]
    ]

InterpretSnapshot:
  isStatus: running / expression evaluated (Pair { } 221)
  isStackFrames:
    [StackFrame:
      sfName: main
      sfLoc: test/contracts/functions-visiting.mligo:13:3-13:28
      sfStack:
        [StackItem:
          siLigoDesc: elem s3 of int
          siValue: 221
        ]
    ]

InterpretSnapshot:
  isStatus: terminated ok
  isStackFrames:
    [StackFrame:
      sfName: main
      sfLoc: test/contracts/functions-visiting.mligo:13:3-13:28
      sfStack:
        [StackItem:
          siLigoDesc: <hidden elem>
          siValue: Pair { } 221
        , StackItem:
          siLigoDesc: <hidden elem>
          siValue: 0
        ]
    ]
