InterpretSnapshot:
  isStatus: running / faced statement
  isStackFrames:
    [StackFrame:
      sfName: main
      sfLoc: test/contracts/functions-visiting.pligo:11:4-11:19
      sfStack:
        [StackItem:
          siLigoDesc: elem s of int
          siValue: 0
        , StackItem:
          siLigoDesc: elem g of unit -> int
          siValue: { DROP; PUSH int 10; PUSH int 10; ADD; {  } }
        , StackItem:
          siLigoDesc: elem f of int -> int
          siValue: { {  }; PUSH int 100; ADD; {  }; PUSH int 100; ADD; {  } }
        ]
    ]

InterpretSnapshot:
  isStatus: running / faced statement
  isStackFrames:
    [StackFrame:
      sfName: f
      sfLoc: test/contracts/functions-visiting.pligo:2:4-2:20
      sfStack:
        [StackItem:
          siLigoDesc: elem a of int
          siValue: 1
        ]
    , StackFrame:
      sfName: main
      sfLoc: test/contracts/functions-visiting.pligo:11:14-11:19
      sfStack:
        [StackItem:
          siLigoDesc: elem s2 of int
          siValue: 1
        , StackItem:
          siLigoDesc: elem g of unit -> int
          siValue: { DROP; PUSH int 10; PUSH int 10; ADD; {  } }
        , StackItem:
          siLigoDesc: elem f of int -> int
          siValue: { {  }; PUSH int 100; ADD; {  }; PUSH int 100; ADD; {  } }
        ]
    ]

InterpretSnapshot:
  isStatus: running / faced statement
  isStackFrames:
    [StackFrame:
      sfName: f
      sfLoc: test/contracts/functions-visiting.pligo:3:4-3:21
      sfStack:
        [StackItem:
          siLigoDesc: elem x of int
          siValue: 101
        ]
    , StackFrame:
      sfName: main
      sfLoc: test/contracts/functions-visiting.pligo:11:14-11:19
      sfStack:
        [StackItem:
          siLigoDesc: elem s2 of int
          siValue: 1
        , StackItem:
          siLigoDesc: elem g of unit -> int
          siValue: { DROP; PUSH int 10; PUSH int 10; ADD; {  } }
        , StackItem:
          siLigoDesc: elem f of int -> int
          siValue: { {  }; PUSH int 100; ADD; {  }; PUSH int 100; ADD; {  } }
        ]
    ]

InterpretSnapshot:
  isStatus: running / faced statement
  isStackFrames:
    [StackFrame:
      sfName: main
      sfLoc: test/contracts/functions-visiting.pligo:12:4-12:29
      sfStack:
        [StackItem:
          siLigoDesc: elem s2 of int
          siValue: 1
        , StackItem:
          siLigoDesc: elem g of unit -> int
          siValue: { DROP; PUSH int 10; PUSH int 10; ADD; {  } }
        , StackItem:
          siLigoDesc: elem f of int -> int
          siValue: { {  }; PUSH int 100; ADD; {  }; PUSH int 100; ADD; {  } }
        ]
    ]

InterpretSnapshot:
  isStatus: running / faced statement
  isStackFrames:
    [StackFrame:
      sfName: g
      sfLoc: test/contracts/functions-visiting.pligo:7:4-7:20
      sfStack: []
    , StackFrame:
      sfName: main
      sfLoc: test/contracts/functions-visiting.pligo:12:16-12:20
      sfStack:
        [StackItem:
          siLigoDesc: elem s2 of int
          siValue: 1
        , StackItem:
          siLigoDesc: elem g of unit -> int
          siValue: { DROP; PUSH int 10; PUSH int 10; ADD; {  } }
        , StackItem:
          siLigoDesc: elem f of int -> int
          siValue: { {  }; PUSH int 100; ADD; {  }; PUSH int 100; ADD; {  } }
        ]
    ]

InterpretSnapshot:
  isStatus: terminated ok
  isStackFrames:
    [StackFrame:
      sfName: main
      sfLoc: test/contracts/functions-visiting.pligo:13:7-13:40
      sfStack:
        [StackItem:
          siLigoDesc: <hidden elem>
          siValue: Pair { } 221
        , StackItem:
          siLigoDesc: <hidden elem>
          siValue: 0
        ]
    ]
