STATUS,FILE,LOC,CST,SYMBOLS,TOKENS,ERRORS
PASS,16tuples_sequences_functions.jsligo,42,623,207,89,27
PASS,1assignment_operators.jsligo,20,124,6,4,1
PASS,1high-order.jsligo,15,207,41,16,6
PASS,1never.jsligo,15,201,55,20,8
PASS,2amount.jsligo,3,57,13,9,2
PASS,2bytes_unpack.jsligo,13,169,41,14,9
PASS,2counter.jsligo,7,95,13,6,1
PASS,2if_if_return.jsligo,5,165,15,5,2
PASS,2key_hash.jsligo,14,138,24,13,4
PASS,2local_type_decl.jsligo,5,106,8,2,2
PASS,2match_bis.jsligo,23,243,81,31,14
PASS,2super-counter.jsligo,10,189,47,18,12
PASS,4balance_constant.jsligo,10,123,39,13,5
PASS,4check_signature.jsligo,11,98,52,18,8
PASS,4if_if_return.jsligo,6,154,24,11,1
PASS,4lambda2.jsligo,9,118,14,10,2
PASS,4match.jsligo,10,118,38,13,5
PASS,4never.jsligo,12,198,100,41,15
PASS,4recursion.jsligo,12,149,63,32,8
PASS,8assert.jsligo,16,120,36,16,6
PASS,8eq_bool.jsligo,6,61,11,4,1
PASS,8recursion.jsligo,7,123,35,20,4
