Should be within `f` now:
InterpretSnapshot:
  isStatus: running / faced statement
  isStackFrames:
    [StackFrame:
      sfName: f
      sfLoc: test/contracts/functions-visiting.mligo:2:4-2:19
      sfStack:
        [StackItem:
          siLigoDesc: elem a of int
          siValue: 1
        ]
    , StackFrame:
      sfName: main
      sfLoc: test/contracts/functions-visiting.mligo:12:17-12:22
      sfStack:
        [StackItem:
          siLigoDesc: elem s2 of int
          siValue: 1
        , StackItem:
          siLigoDesc: elem g of unit -> int
          siValue: { DROP; { { { PUSH int 10 }; { PUSH int 10 }; ADD }; {  }; {  } } }
        , StackItem:
          siLigoDesc: elem f of int -> int
          siValue: { {  }; { { { PUSH int 100 }; { SWAP }; ADD }; {  }; { { { PUSH int 100 }; { SWAP }; ADD }; {  }; {  } } } }
        ]
    ]

Jumping out of `f`:
InterpretSnapshot:
  isStatus: running / expression evaluated (201)
  isStackFrames:
    [StackFrame:
      sfName: main
      sfLoc: test/contracts/functions-visiting.mligo:12:17-12:22
      sfStack:
        [StackItem:
          siLigoDesc: elem s2 of int
          siValue: 1
        , StackItem:
          siLigoDesc: elem g of unit -> int
          siValue: { DROP; { { { PUSH int 10 }; { PUSH int 10 }; ADD }; {  }; {  } } }
        , StackItem:
          siLigoDesc: elem f of int -> int
          siValue: { {  }; { { { PUSH int 100 }; { SWAP }; ADD }; {  }; { { { PUSH int 100 }; { SWAP }; ADD }; {  }; {  } } } }
        ]
    ]

Jumping out of `main`:
InterpretSnapshot:
  isStatus: terminated ok
  isStackFrames:
    [StackFrame:
      sfName: main
      sfLoc: test/contracts/functions-visiting.mligo:13:3-13:28
      sfStack:
        [StackItem:
          siLigoDesc: <hidden elem>
          siValue: Pair { } 221
        , StackItem:
          siLigoDesc: <hidden elem>
          siValue: 0
        ]
    ]
