STATUS,FILE,LOC,CST,SYMBOLS,TOKENS,ERRORS
PASS,1annotated_michelson_record_tree.mligo,46,364,100,31,15
PASS,1condition.mligo,2,62,2,2,1
PASS,1incr_decr.mligo,3,83,9,7,1
PASS,1local_type_decl.mligo,10,70,30,13,3
PASS,1match_bis.mligo,3,83,9,7,1
PASS,1record.mligo,68,576,82,18,17
PASS,1ticket_builder.mligo,41,352,38,15,9
PASS,1ticket_wallet.mligo,148,906,100,37,18
PASS,1voting.mligo,9,107,47,27,2
PASS,2address.mligo,11,64,18,7,3
PASS,2annotated_michelson_record_comb.mligo,64,504,60,16,13
PASS,2let_destructuring.mligo,64,971,83,21,14
PASS,2let_multiple.mligo,51,575,81,19,15
PASS,2local_type_decl.mligo,12,84,22,4,2
PASS,2warning_unused.mligo,17,168,16,4,3
PASS,4assert.mligo,30,302,62,19,9
PASS,4check_signature.mligo,14,107,41,12,5
PASS,4fibo.mligo,30,203,53,13,8
PASS,4k.mligo,22,148,28,11,3
PASS,4michelson_or_tree.mligo,4,102,12,10,1
PASS,4super-counter.mligo,17,125,43,9,4
PASS,4ticket_wallet.mligo,152,913,209,67,38
