STATUS,FILE,LOC,CST,SYMBOLS,TOKENS,ERRORS
PASS,1loop.ligo,93,583,317,213,23
PASS,1loop7.ligo,25,166,14,5,2
PASS,1multisig.ligo,46,258,52,25,6
PASS,1recursion.ligo,3,54,34,21,5
PASS,1set_arithmetic.ligo,22,134,52,32,11
PASS,2condition.ligo,8,99,61,32,11
PASS,2function-complex.ligo,11,60,56,36,2
PASS,2hashlock.ligo,41,310,54,21,11
PASS,2lambda2.ligo,12,132,28,14,4
PASS,2long_assign.ligo,67,678,204,129,32
PASS,2long_remove.ligo,28,140,34,19,10
PASS,2loop13.ligo,0,0,0,0,0
PASS,2loop18.ligo,2,18,14,6,3
PASS,2michelson_pair_tree_intermediary.ligo,10,94,44,30,4
PASS,2replaceable_id.ligo,24,160,64,37,5
PASS,2transpiler_nested.ligo,4,55,15,11,2
PASS,4closure.ligo,10,115,21,6,2
PASS,4failwith.ligo,34,300,126,67,17
PASS,4super-counter.ligo,13,41,25,10,5
PASS,8check_signature.ligo,9,76,26,9,2
PASS,8function-complex.ligo,4,26,16,12,3
PASS,8loop9.ligo,7,22,16,7,4
